{
	"localVar": {
		"name": "::MOM_CoriolisAdv::CorAdCalc::u",
		"type": "4",
	},
	"localVar": {
		"name": "::MOM_CoriolisAdv::CorAdCalc::v",
		"type": "4",
	},
	"localVar": {
		"name": "::MOM_CoriolisAdv::CorAdCalc::h",
		"type": "4",
	},
	"localVar": {
		"name": "::MOM_CoriolisAdv::CorAdCalc::uh",
		"type": "4",
	},
	"localVar": {
		"name": "::MOM_CoriolisAdv::CorAdCalc::vh",
		"type": "4",
	},
	"localVar": {
		"name": "::MOM_CoriolisAdv::CorAdCalc::CAu",
		"type": "4",
	},
	"localVar": {
		"name": "::MOM_CoriolisAdv::CorAdCalc::CAv",
		"type": "4",
	},
	"localVar": {
		"name": "::MOM_CoriolisAdv::CorAdCalc::Area_q",
		"type": "4",
	},
	"localVar": {
		"name": "::MOM_CoriolisAdv::CorAdCalc::Ih_q",
		"type": "4",
	},
	"localVar": {
		"name": "::MOM_CoriolisAdv::CorAdCalc::q",
		"type": "4",
	},
	"localVar": {
		"name": "::MOM_CoriolisAdv::CorAdCalc::d",
		"type": "4",
	},
	"localVar": {
		"name": "::MOM_CoriolisAdv::CorAdCalc::c",
		"type": "4",
	},
	"localVar": {
		"name": "::MOM_CoriolisAdv::CorAdCalc::b",
		"type": "4",
	},
	"localVar": {
		"name": "::MOM_CoriolisAdv::CorAdCalc::a",
		"type": "4",
	},
	"localVar": {
		"name": "::MOM_CoriolisAdv::CorAdCalc::KE",
		"type": "4",
	},
	"localVar": {
		"name": "::MOM_CoriolisAdv::CorAdCalc::Area_h",
		"type": "4",
	},
	"localVar": {
		"name": "::MOM_CoriolisAdv::CorAdCalc::uh_center",
		"type": "4",
	},
	"localVar": {
		"name": "::MOM_CoriolisAdv::CorAdCalc::KEx",
		"type": "4",
	},
	"localVar": {
		"name": "::MOM_CoriolisAdv::CorAdCalc::hArea_u",
		"type": "4",
	},
	"localVar": {
		"name": "::MOM_CoriolisAdv::CorAdCalc::vh_center",
		"type": "4",
	},
	"localVar": {
		"name": "::MOM_CoriolisAdv::CorAdCalc::KEy",
		"type": "4",
	},
	"localVar": {
		"name": "::MOM_CoriolisAdv::CorAdCalc::hArea_v",
		"type": "4",
	},
	"localVar": {
		"name": "::MOM_CoriolisAdv::CorAdCalc::ep_v",
		"type": "4",
	},
	"localVar": {
		"name": "::MOM_CoriolisAdv::CorAdCalc::ep_u",
		"type": "4",
	},
	"localVar": {
		"name": "::MOM_CoriolisAdv::CorAdCalc::vh_max",
		"type": "4",
	},
	"localVar": {
		"name": "::MOM_CoriolisAdv::CorAdCalc::vh_min",
		"type": "4",
	},
	"localVar": {
		"name": "::MOM_CoriolisAdv::CorAdCalc::uh_max",
		"type": "4",
	},
	"localVar": {
		"name": "::MOM_CoriolisAdv::CorAdCalc::uh_min",
		"type": "4",
	},
	"localVar": {
		"name": "::MOM_CoriolisAdv::CorAdCalc::min_fuq",
		"type": "4",
	},
	"localVar": {
		"name": "::MOM_CoriolisAdv::CorAdCalc::max_fuq",
		"type": "4",
	},
	"localVar": {
		"name": "::MOM_CoriolisAdv::CorAdCalc::min_fvq",
		"type": "4",
	},
	"localVar": {
		"name": "::MOM_CoriolisAdv::CorAdCalc::max_fvq",
		"type": "4",
	},
	"localVar": {
		"name": "::MOM_CoriolisAdv::CorAdCalc::q2",
		"type": "4",
	},
	"localVar": {
		"name": "::MOM_CoriolisAdv::CorAdCalc::abs_vort",
		"type": "4",
	},
	"localVar": {
		"name": "::MOM_CoriolisAdv::CorAdCalc::dudy",
		"type": "4",
	},
	"localVar": {
		"name": "::MOM_CoriolisAdv::CorAdCalc::dvdx",
		"type": "4",
	},
	"localVar": {
		"name": "::MOM_CoriolisAdv::CorAdCalc::RV",
		"type": "4",
	},
	"localVar": {
		"name": "::MOM_CoriolisAdv::CorAdCalc::PV",
		"type": "4",
	},
	"localVar": {
		"name": "::MOM_CoriolisAdv::CorAdCalc::fu2",
		"type": "4",
	},
	"localVar": {
		"name": "::MOM_CoriolisAdv::CorAdCalc::fu1",
		"type": "4",
	},
	"localVar": {
		"name": "::MOM_CoriolisAdv::CorAdCalc::fv2",
		"type": "4",
	},
	"localVar": {
		"name": "::MOM_CoriolisAdv::CorAdCalc::fv1",
		"type": "4",
	},
	"localVar": {
		"name": "::MOM_CoriolisAdv::CorAdCalc::max_fu",
		"type": "4",
	},
	"localVar": {
		"name": "::MOM_CoriolisAdv::CorAdCalc::max_fv",
		"type": "4",
	},
	"localVar": {
		"name": "::MOM_CoriolisAdv::CorAdCalc::min_fu",
		"type": "4",
	},
	"localVar": {
		"name": "::MOM_CoriolisAdv::CorAdCalc::min_fv",
		"type": "4",
	},
	"localVar": {
		"name": "::MOM_CoriolisAdv::CorAdCalc::C1_12",
		"type": "4",
	},
	"localVar": {
		"name": "::MOM_CoriolisAdv::CorAdCalc::C1_24",
		"type": "4",
	},
	"localVar": {
		"name": "::MOM_CoriolisAdv::CorAdCalc::absolute_vorticity",
		"type": "4",
	},
	"localVar": {
		"name": "::MOM_CoriolisAdv::CorAdCalc::relative_vorticity",
		"type": "4",
	},
	"localVar": {
		"name": "::MOM_CoriolisAdv::CorAdCalc::Ih",
		"type": "4",
	},
	"localVar": {
		"name": "::MOM_CoriolisAdv::CorAdCalc::min_Ihq",
		"type": "4",
	},
	"localVar": {
		"name": "::MOM_CoriolisAdv::CorAdCalc::max_Ihq",
		"type": "4",
	},
	"localVar": {
		"name": "::MOM_CoriolisAdv::CorAdCalc::hArea_q",
		"type": "4",
	},
	"localVar": {
		"name": "::MOM_CoriolisAdv::CorAdCalc::h_neglect",
		"type": "4",
	},
	"localVar": {
		"name": "::MOM_CoriolisAdv::CorAdCalc::temp2",
		"type": "4",
	},
	"localVar": {
		"name": "::MOM_CoriolisAdv::CorAdCalc::temp1",
		"type": "4",
	},
	"localVar": {
		"name": "::MOM_CoriolisAdv::CorAdCalc::eps_vel",
		"type": "4",
	},
	"localVar": {
		"name": "::MOM_CoriolisAdv::CorAdCalc::vhc",
		"type": "4",
	},
	"localVar": {
		"name": "::MOM_CoriolisAdv::CorAdCalc::uhc",
		"type": "4",
	},
	"localVar": {
		"name": "::MOM_CoriolisAdv::CorAdCalc::vhm",
		"type": "4",
	},
	"localVar": {
		"name": "::MOM_CoriolisAdv::CorAdCalc::uhm",
		"type": "4",
	},
	"localVar": {
		"name": "::MOM_CoriolisAdv::CorAdCalc::slope",
		"type": "4",
	},
	"localVar": {
		"name": "::MOM_CoriolisAdv::CorAdCalc::c3",
		"type": "4",
	},
	"localVar": {
		"name": "::MOM_CoriolisAdv::CorAdCalc::c2",
		"type": "4",
	},
	"localVar": {
		"name": "::MOM_CoriolisAdv::CorAdCalc::c1",
		"type": "4",
	},
	"localVar": {
		"name": "::MOM_CoriolisAdv::CorAdCalc::Fe_m2",
		"type": "4",
	},
	"localVar": {
		"name": "::MOM_CoriolisAdv::CorAdCalc::rat_lin",
		"type": "4",
	},
	"localVar": {
		"name": "::MOM_CoriolisAdv::CorAdCalc::rat_m1",
		"type": "4",
	},
	"localVar": {
		"name": "::MOM_CoriolisAdv::CorAdCalc::AL_wt",
		"type": "4",
	},
	"localVar": {
		"name": "::MOM_CoriolisAdv::CorAdCalc::Sad_wt",
		"type": "8",
	},
	"localVar": {
		"name": "::MOM_CoriolisAdv::CorAdCalc::Heff2",
		"type": "4",
	},
	"localVar": {
		"name": "::MOM_CoriolisAdv::CorAdCalc::Heff1",
		"type": "4",
	},
	"localVar": {
		"name": "::MOM_CoriolisAdv::CorAdCalc::Heff4",
		"type": "4",
	},
	"localVar": {
		"name": "::MOM_CoriolisAdv::CorAdCalc::Heff3",
		"type": "4",
	},
	"localVar": {
		"name": "::MOM_CoriolisAdv::CorAdCalc::h_tiny",
		"type": "4",
	},
	"localVar": {
		"name": "::MOM_CoriolisAdv::CorAdCalc::VHeff",
		"type": "4",
	},
	"localVar": {
		"name": "::MOM_CoriolisAdv::CorAdCalc::UHeff",
		"type": "4",
	},
	"localVar": {
		"name": "::MOM_CoriolisAdv::CorAdCalc::QVHeff",
		"type": "4",
	},
	"localVar": {
		"name": "::MOM_CoriolisAdv::CorAdCalc::QUHeff",
		"type": "4",
	},
}
