::MOM_CoriolisAdv::CorAdCalc::vhm 8 -> 4
::MOM_CoriolisAdv::CorAdCalc::uhm 8 -> 4
::MOM_CoriolisAdv::CorAdCalc::slope 8 -> 4
::MOM_CoriolisAdv::CorAdCalc::c3 8 -> 4
::MOM_CoriolisAdv::CorAdCalc::c2 8 -> 4
::MOM_CoriolisAdv::CorAdCalc::c1 8 -> 4
::MOM_CoriolisAdv::CorAdCalc::Fe_m2 8 -> 4
::MOM_CoriolisAdv::CorAdCalc::rat_lin 8 -> 4
::MOM_CoriolisAdv::CorAdCalc::rat_m1 8 -> 4
::MOM_CoriolisAdv::CorAdCalc::AL_wt 8 -> 4
::MOM_CoriolisAdv::CorAdCalc::Sad_wt 8 -> 4
::MOM_CoriolisAdv::CorAdCalc::Heff2 8 -> 4
::MOM_CoriolisAdv::CorAdCalc::Heff1 8 -> 4
::MOM_CoriolisAdv::CorAdCalc::Heff4 8 -> 4
::MOM_CoriolisAdv::CorAdCalc::Heff3 8 -> 4
::MOM_CoriolisAdv::CorAdCalc::h_tiny 8 -> 4
::MOM_CoriolisAdv::CorAdCalc::VHeff 8 -> 4
::MOM_CoriolisAdv::CorAdCalc::UHeff 8 -> 4
::MOM_CoriolisAdv::CorAdCalc::QVHeff 8 -> 4
::MOM_CoriolisAdv::CorAdCalc::QUHeff 8 -> 4
