::MOM_CoriolisAdv::CorAdCalc::u 8 -> 4
::MOM_CoriolisAdv::CorAdCalc::v 8 -> 4
::MOM_CoriolisAdv::CorAdCalc::h 8 -> 4
::MOM_CoriolisAdv::CorAdCalc::uh 8 -> 4
::MOM_CoriolisAdv::CorAdCalc::vh 8 -> 4
::MOM_CoriolisAdv::CorAdCalc::CAu 8 -> 4
::MOM_CoriolisAdv::CorAdCalc::CAv 8 -> 4
::MOM_CoriolisAdv::CorAdCalc::Area_q 8 -> 4
::MOM_CoriolisAdv::CorAdCalc::Ih_q 8 -> 4
::MOM_CoriolisAdv::CorAdCalc::q 8 -> 4
::MOM_CoriolisAdv::CorAdCalc::d 8 -> 4
::MOM_CoriolisAdv::CorAdCalc::c 8 -> 4
::MOM_CoriolisAdv::CorAdCalc::Area_h 8 -> 4
::MOM_CoriolisAdv::CorAdCalc::uh_center 8 -> 4
::MOM_CoriolisAdv::CorAdCalc::KEx 8 -> 4
::MOM_CoriolisAdv::CorAdCalc::hArea_u 8 -> 4
::MOM_CoriolisAdv::CorAdCalc::vh_center 8 -> 4
::MOM_CoriolisAdv::CorAdCalc::KEy 8 -> 4
::MOM_CoriolisAdv::CorAdCalc::hArea_v 8 -> 4
::MOM_CoriolisAdv::CorAdCalc::ep_v 8 -> 4
::MOM_CoriolisAdv::CorAdCalc::ep_u 8 -> 4
::MOM_CoriolisAdv::CorAdCalc::vh_max 8 -> 4
::MOM_CoriolisAdv::CorAdCalc::vh_min 8 -> 4
::MOM_CoriolisAdv::CorAdCalc::uh_max 8 -> 4
::MOM_CoriolisAdv::CorAdCalc::uh_min 8 -> 4
::MOM_CoriolisAdv::CorAdCalc::min_fuq 8 -> 4
::MOM_CoriolisAdv::CorAdCalc::max_fuq 8 -> 4
::MOM_CoriolisAdv::CorAdCalc::fv2 8 -> 4
::MOM_CoriolisAdv::CorAdCalc::fv1 8 -> 4
::MOM_CoriolisAdv::CorAdCalc::max_fu 8 -> 4
::MOM_CoriolisAdv::CorAdCalc::max_fv 8 -> 4
::MOM_CoriolisAdv::CorAdCalc::min_fu 8 -> 4
::MOM_CoriolisAdv::CorAdCalc::min_fv 8 -> 4
::MOM_CoriolisAdv::CorAdCalc::C1_12 8 -> 4
::MOM_CoriolisAdv::CorAdCalc::C1_24 8 -> 4
::MOM_CoriolisAdv::CorAdCalc::absolute_vorticity 8 -> 4
::MOM_CoriolisAdv::CorAdCalc::relative_vorticity 8 -> 4
::MOM_CoriolisAdv::CorAdCalc::Ih 8 -> 4
::MOM_CoriolisAdv::CorAdCalc::min_Ihq 8 -> 4
::MOM_CoriolisAdv::CorAdCalc::max_Ihq 8 -> 4
::MOM_CoriolisAdv::CorAdCalc::hArea_q 8 -> 4
::MOM_CoriolisAdv::CorAdCalc::h_neglect 8 -> 4
::MOM_CoriolisAdv::CorAdCalc::temp2 8 -> 4
::MOM_CoriolisAdv::CorAdCalc::temp1 8 -> 4
::MOM_CoriolisAdv::CorAdCalc::eps_vel 8 -> 4
::MOM_CoriolisAdv::CorAdCalc::vhc 8 -> 4
::MOM_CoriolisAdv::CorAdCalc::uhc 8 -> 4
