::MOM_CoriolisAdv::CorAdCalc::KEy 8 -> 4
::MOM_CoriolisAdv::CorAdCalc::hArea_v 8 -> 4
::MOM_CoriolisAdv::CorAdCalc::ep_v 8 -> 4
::MOM_CoriolisAdv::CorAdCalc::ep_u 8 -> 4
::MOM_CoriolisAdv::CorAdCalc::vh_max 8 -> 4
::MOM_CoriolisAdv::CorAdCalc::vh_min 8 -> 4
::MOM_CoriolisAdv::CorAdCalc::uh_max 8 -> 4
::MOM_CoriolisAdv::CorAdCalc::uh_min 8 -> 4
::MOM_CoriolisAdv::CorAdCalc::min_fuq 8 -> 4
::MOM_CoriolisAdv::CorAdCalc::max_fuq 8 -> 4
::MOM_CoriolisAdv::CorAdCalc::min_fvq 8 -> 4
::MOM_CoriolisAdv::CorAdCalc::max_fvq 8 -> 4
::MOM_CoriolisAdv::CorAdCalc::q2 8 -> 4
::MOM_CoriolisAdv::CorAdCalc::abs_vort 8 -> 4
::MOM_CoriolisAdv::CorAdCalc::dudy 8 -> 4
::MOM_CoriolisAdv::CorAdCalc::dvdx 8 -> 4
::MOM_CoriolisAdv::CorAdCalc::RV 8 -> 4
::MOM_CoriolisAdv::CorAdCalc::PV 8 -> 4
::MOM_CoriolisAdv::CorAdCalc::fu2 8 -> 4
::MOM_CoriolisAdv::CorAdCalc::fu1 8 -> 4
