::MOM_CoriolisAdv::CorAdCalc::u 8 -> 4
::MOM_CoriolisAdv::CorAdCalc::v 8 -> 4
::MOM_CoriolisAdv::CorAdCalc::h 8 -> 4
::MOM_CoriolisAdv::CorAdCalc::uh 8 -> 4
::MOM_CoriolisAdv::CorAdCalc::vh 8 -> 4
::MOM_CoriolisAdv::CorAdCalc::CAu 8 -> 4
::MOM_CoriolisAdv::CorAdCalc::CAv 8 -> 4
::MOM_CoriolisAdv::CorAdCalc::Area_q 8 -> 4
::MOM_CoriolisAdv::CorAdCalc::Ih_q 8 -> 4
::MOM_CoriolisAdv::CorAdCalc::q 8 -> 4
::MOM_CoriolisAdv::CorAdCalc::d 8 -> 4
::MOM_CoriolisAdv::CorAdCalc::c 8 -> 4
::MOM_CoriolisAdv::CorAdCalc::b 8 -> 4
::MOM_CoriolisAdv::CorAdCalc::a 8 -> 4
::MOM_CoriolisAdv::CorAdCalc::KE 8 -> 4
::MOM_CoriolisAdv::CorAdCalc::Area_h 8 -> 4
::MOM_CoriolisAdv::CorAdCalc::uh_center 8 -> 4
::MOM_CoriolisAdv::CorAdCalc::KEx 8 -> 4
::MOM_CoriolisAdv::CorAdCalc::hArea_u 8 -> 4
::MOM_CoriolisAdv::CorAdCalc::vh_center 8 -> 4
