::MOM_CoriolisAdv::CorAdCalc::fv2 8 -> 4
::MOM_CoriolisAdv::CorAdCalc::fv1 8 -> 4
::MOM_CoriolisAdv::CorAdCalc::max_fu 8 -> 4
::MOM_CoriolisAdv::CorAdCalc::max_fv 8 -> 4
::MOM_CoriolisAdv::CorAdCalc::min_fu 8 -> 4
::MOM_CoriolisAdv::CorAdCalc::min_fv 8 -> 4
::MOM_CoriolisAdv::CorAdCalc::C1_12 8 -> 4
::MOM_CoriolisAdv::CorAdCalc::C1_24 8 -> 4
::MOM_CoriolisAdv::CorAdCalc::absolute_vorticity 8 -> 4
::MOM_CoriolisAdv::CorAdCalc::relative_vorticity 8 -> 4
::MOM_CoriolisAdv::CorAdCalc::Ih 8 -> 4
::MOM_CoriolisAdv::CorAdCalc::min_Ihq 8 -> 4
::MOM_CoriolisAdv::CorAdCalc::max_Ihq 8 -> 4
::MOM_CoriolisAdv::CorAdCalc::hArea_q 8 -> 4
::MOM_CoriolisAdv::CorAdCalc::h_neglect 8 -> 4
::MOM_CoriolisAdv::CorAdCalc::temp2 8 -> 4
::MOM_CoriolisAdv::CorAdCalc::temp1 8 -> 4
::MOM_CoriolisAdv::CorAdCalc::eps_vel 8 -> 4
::MOM_CoriolisAdv::CorAdCalc::vhc 8 -> 4
::MOM_CoriolisAdv::CorAdCalc::uhc 8 -> 4
::MOM_CoriolisAdv::CorAdCalc::vhm 8 -> 4
::MOM_CoriolisAdv::CorAdCalc::uhm 8 -> 4
::MOM_CoriolisAdv::CorAdCalc::slope 8 -> 4
::MOM_CoriolisAdv::CorAdCalc::c3 8 -> 4
::MOM_CoriolisAdv::CorAdCalc::c2 8 -> 4
::MOM_CoriolisAdv::CorAdCalc::c1 8 -> 4
::MOM_CoriolisAdv::CorAdCalc::Fe_m2 8 -> 4
::MOM_CoriolisAdv::CorAdCalc::rat_lin 8 -> 4
::MOM_CoriolisAdv::CorAdCalc::rat_m1 8 -> 4
::MOM_CoriolisAdv::CorAdCalc::AL_wt 8 -> 4
::MOM_CoriolisAdv::CorAdCalc::Sad_wt 8 -> 4
::MOM_CoriolisAdv::CorAdCalc::Heff2 8 -> 4
::MOM_CoriolisAdv::CorAdCalc::Heff1 8 -> 4
::MOM_CoriolisAdv::CorAdCalc::Heff4 8 -> 4
::MOM_CoriolisAdv::CorAdCalc::Heff3 8 -> 4
::MOM_CoriolisAdv::CorAdCalc::h_tiny 8 -> 4
::MOM_CoriolisAdv::CorAdCalc::VHeff 8 -> 4
::MOM_CoriolisAdv::CorAdCalc::UHeff 8 -> 4
::MOM_CoriolisAdv::CorAdCalc::QVHeff 8 -> 4
::MOM_CoriolisAdv::CorAdCalc::QUHeff 8 -> 4
