::MOM_CoriolisAdv::CorAdCalc::min_fvq 8 -> 4
::MOM_CoriolisAdv::CorAdCalc::max_fvq 8 -> 4
::MOM_CoriolisAdv::CorAdCalc::q2 8 -> 4
::MOM_CoriolisAdv::CorAdCalc::abs_vort 8 -> 4
::MOM_CoriolisAdv::CorAdCalc::dudy 8 -> 4
::MOM_CoriolisAdv::CorAdCalc::dvdx 8 -> 4
::MOM_CoriolisAdv::CorAdCalc::RV 8 -> 4
::MOM_CoriolisAdv::CorAdCalc::PV 8 -> 4
::MOM_CoriolisAdv::CorAdCalc::fu2 8 -> 4
::MOM_CoriolisAdv::CorAdCalc::fu1 8 -> 4
::MOM_CoriolisAdv::CorAdCalc::fv2 8 -> 4
::MOM_CoriolisAdv::CorAdCalc::fv1 8 -> 4
::MOM_CoriolisAdv::CorAdCalc::max_fu 8 -> 4
::MOM_CoriolisAdv::CorAdCalc::max_fv 8 -> 4
::MOM_CoriolisAdv::CorAdCalc::min_fu 8 -> 4
::MOM_CoriolisAdv::CorAdCalc::min_fv 8 -> 4
::MOM_CoriolisAdv::CorAdCalc::C1_12 8 -> 4
::MOM_CoriolisAdv::CorAdCalc::C1_24 8 -> 4
::MOM_CoriolisAdv::CorAdCalc::absolute_vorticity 8 -> 4
::MOM_CoriolisAdv::CorAdCalc::relative_vorticity 8 -> 4
::MOM_CoriolisAdv::CorAdCalc::Ih 8 -> 4
::MOM_CoriolisAdv::CorAdCalc::min_Ihq 8 -> 4
::MOM_CoriolisAdv::CorAdCalc::max_Ihq 8 -> 4
::MOM_CoriolisAdv::CorAdCalc::hArea_q 8 -> 4
::MOM_CoriolisAdv::CorAdCalc::h_neglect 8 -> 4
::MOM_CoriolisAdv::CorAdCalc::temp2 8 -> 4
::MOM_CoriolisAdv::CorAdCalc::temp1 8 -> 4
::MOM_CoriolisAdv::CorAdCalc::eps_vel 8 -> 4
::MOM_CoriolisAdv::CorAdCalc::vhc 8 -> 4
::MOM_CoriolisAdv::CorAdCalc::uhc 8 -> 4
::MOM_CoriolisAdv::CorAdCalc::vhm 8 -> 4
::MOM_CoriolisAdv::CorAdCalc::uhm 8 -> 4
::MOM_CoriolisAdv::CorAdCalc::slope 8 -> 4
::MOM_CoriolisAdv::CorAdCalc::c3 8 -> 4
::MOM_CoriolisAdv::CorAdCalc::c2 8 -> 4
